// Jest Snapshot v1, https://goo.gl/fbAQLP

exports[`snapshot test 1`] = `
<header
  class=""
>
  <the-top-header-stub />
   
  <the-side-menu-stub
    style="display: none;"
  />
   
  <!---->
</header>
`;
