// Jest Snapshot v1, https://goo.gl/fbAQLP

exports[`snapshot test 1`] = `
<div
  class="sidenav-container"
>
  <!---->
   
  <!---->
</div>
`;
