// Jest Snapshot v1, https://goo.gl/fbAQLP

exports[`snapshot test default comp 1`] = `
<div
  class="level-item"
/>
`;
