// Jest Snapshot v1, https://goo.gl/fbAQLP

exports[`snapshot test 1`] = `
<router-link-stub
  class="levelbar-item"
  tag="li"
  to="[object Object]"
>
  <button
    class="button is-white"
  >
    Ciencias e tecnologia
  </button>
</router-link-stub>
`;
